// Jest Snapshot v1, https://goo.gl/fbAQLP

exports[`should send mail when the submission status is rejected 1`] = `
Array [
  Object {
    "asm": Object {
      "groupId": 12850,
    },
    "category": "Notification",
    "dynamicTemplateData": Object {
      "article_link": "http://sample.abc.com",
      "first_name": "Lee",
      "submitted_at": "Sep 27, 2020",
    },
    "from": Object {
      "email": "informer@daily.dev",
      "name": "daily.dev",
    },
    "replyTo": Object {
      "email": "hi@daily.dev",
      "name": "daily.dev",
    },
    "templateId": "d-43cf7ff439ff4391839e946940499b30",
    "to": "lee@acme.com",
    "trackingSettings": Object {
      "openTracking": Object {
        "enable": true,
      },
    },
  },
]
`;
