// Jest Snapshot v1, https://goo.gl/fbAQLP

exports[`personalizedDigestEmail worker should generate personalized digest for user in timezone ahead UTC 1`] = `
Object {
  "asm": Object {
    "groupId": 23809,
  },
  "category": "Digests",
  "dynamicTemplateData": Object {
    "day_name": "Monday",
    "first_name": "Ido",
    "posts": Array [
      Object {
        "post_image": "https://daily.dev/image.jpg",
        "post_link": "http://localhost:5002/posts/p1?utm_source=notification&utm_medium=email&utm_campaign=digest",
        "post_title": "P1",
        "source_image": "http://image.com/a",
        "source_name": "A",
      },
      Object {
        "post_image": "https://daily.dev/image.jpg",
        "post_link": "http://localhost:5002/posts/p2?utm_source=notification&utm_medium=email&utm_campaign=digest",
        "post_title": "P2",
        "source_image": "http://image.com/b",
        "source_name": "B",
      },
      Object {
        "post_image": "https://daily.dev/image.jpg",
        "post_link": "http://localhost:5002/posts/p3?utm_source=notification&utm_medium=email&utm_campaign=digest",
        "post_title": "P3",
        "source_image": "http://image.com/c",
        "source_name": "C",
      },
      Object {
        "post_image": "https://daily.dev/image.jpg",
        "post_link": "http://localhost:5002/posts/p4?utm_source=notification&utm_medium=email&utm_campaign=digest",
        "post_title": "P4",
        "source_image": "http://image.com/a",
        "source_name": "A",
      },
      Object {
        "post_image": "https://daily.dev/image.jpg",
        "post_link": "http://localhost:5002/posts/p5?utm_source=notification&utm_medium=email&utm_campaign=digest",
        "post_title": "P5",
        "source_image": "http://image.com/b",
        "source_name": "B",
      },
    ],
  },
  "from": Object {
    "email": "informer@daily.dev",
    "name": "daily.dev",
  },
  "replyTo": Object {
    "email": "hi@daily.dev",
    "name": "daily.dev",
  },
  "sendAt": Any<Number>,
  "templateId": "d-328d1104d2e04fa1ab91e410e02751cb",
  "to": Object {
    "email": "ido@daily.dev",
    "name": "Ido",
  },
  "trackingSettings": Object {
    "openTracking": Object {
      "enable": true,
    },
  },
}
`;

exports[`personalizedDigestEmail worker should generate personalized digest for user in timezone ahead UTC 2`] = `
Object {
  "allowed_tags": Array [],
  "blocked_sources": Array [],
  "blocked_tags": Array [],
  "date_from": Any<String>,
  "date_to": Any<String>,
  "total_posts": 5,
  "user_id": "1",
}
`;

exports[`personalizedDigestEmail worker should generate personalized digest for user in timezone behind UTC 1`] = `
Object {
  "asm": Object {
    "groupId": 23809,
  },
  "category": "Digests",
  "dynamicTemplateData": Object {
    "day_name": "Monday",
    "first_name": "Ido",
    "posts": Array [
      Object {
        "post_image": "https://daily.dev/image.jpg",
        "post_link": "http://localhost:5002/posts/p1?utm_source=notification&utm_medium=email&utm_campaign=digest",
        "post_title": "P1",
        "source_image": "http://image.com/a",
        "source_name": "A",
      },
      Object {
        "post_image": "https://daily.dev/image.jpg",
        "post_link": "http://localhost:5002/posts/p2?utm_source=notification&utm_medium=email&utm_campaign=digest",
        "post_title": "P2",
        "source_image": "http://image.com/b",
        "source_name": "B",
      },
      Object {
        "post_image": "https://daily.dev/image.jpg",
        "post_link": "http://localhost:5002/posts/p3?utm_source=notification&utm_medium=email&utm_campaign=digest",
        "post_title": "P3",
        "source_image": "http://image.com/c",
        "source_name": "C",
      },
      Object {
        "post_image": "https://daily.dev/image.jpg",
        "post_link": "http://localhost:5002/posts/p4?utm_source=notification&utm_medium=email&utm_campaign=digest",
        "post_title": "P4",
        "source_image": "http://image.com/a",
        "source_name": "A",
      },
      Object {
        "post_image": "https://daily.dev/image.jpg",
        "post_link": "http://localhost:5002/posts/p5?utm_source=notification&utm_medium=email&utm_campaign=digest",
        "post_title": "P5",
        "source_image": "http://image.com/b",
        "source_name": "B",
      },
    ],
  },
  "from": Object {
    "email": "informer@daily.dev",
    "name": "daily.dev",
  },
  "replyTo": Object {
    "email": "hi@daily.dev",
    "name": "daily.dev",
  },
  "sendAt": Any<Number>,
  "templateId": "d-328d1104d2e04fa1ab91e410e02751cb",
  "to": Object {
    "email": "ido@daily.dev",
    "name": "Ido",
  },
  "trackingSettings": Object {
    "openTracking": Object {
      "enable": true,
    },
  },
}
`;

exports[`personalizedDigestEmail worker should generate personalized digest for user in timezone behind UTC 2`] = `
Object {
  "allowed_tags": Array [],
  "blocked_sources": Array [],
  "blocked_tags": Array [],
  "date_from": Any<String>,
  "date_to": Any<String>,
  "total_posts": 5,
  "user_id": "1",
}
`;

exports[`personalizedDigestEmail worker should generate personalized digest for user with subscription 1`] = `
Object {
  "asm": Object {
    "groupId": 23809,
  },
  "category": "Digests",
  "dynamicTemplateData": Object {
    "day_name": "Monday",
    "first_name": "Ido",
    "posts": Array [
      Object {
        "post_image": "https://daily.dev/image.jpg",
        "post_link": "http://localhost:5002/posts/p1?utm_source=notification&utm_medium=email&utm_campaign=digest",
        "post_title": "P1",
        "source_image": "http://image.com/a",
        "source_name": "A",
      },
      Object {
        "post_image": "https://daily.dev/image.jpg",
        "post_link": "http://localhost:5002/posts/p2?utm_source=notification&utm_medium=email&utm_campaign=digest",
        "post_title": "P2",
        "source_image": "http://image.com/b",
        "source_name": "B",
      },
      Object {
        "post_image": "https://daily.dev/image.jpg",
        "post_link": "http://localhost:5002/posts/p3?utm_source=notification&utm_medium=email&utm_campaign=digest",
        "post_title": "P3",
        "source_image": "http://image.com/c",
        "source_name": "C",
      },
      Object {
        "post_image": "https://daily.dev/image.jpg",
        "post_link": "http://localhost:5002/posts/p4?utm_source=notification&utm_medium=email&utm_campaign=digest",
        "post_title": "P4",
        "source_image": "http://image.com/a",
        "source_name": "A",
      },
      Object {
        "post_image": "https://daily.dev/image.jpg",
        "post_link": "http://localhost:5002/posts/p5?utm_source=notification&utm_medium=email&utm_campaign=digest",
        "post_title": "P5",
        "source_image": "http://image.com/b",
        "source_name": "B",
      },
    ],
  },
  "from": Object {
    "email": "informer@daily.dev",
    "name": "daily.dev",
  },
  "replyTo": Object {
    "email": "hi@daily.dev",
    "name": "daily.dev",
  },
  "sendAt": Any<Number>,
  "templateId": "d-328d1104d2e04fa1ab91e410e02751cb",
  "to": Object {
    "email": "ido@daily.dev",
    "name": "Ido",
  },
  "trackingSettings": Object {
    "openTracking": Object {
      "enable": true,
    },
  },
}
`;

exports[`personalizedDigestEmail worker should generate personalized digest for user with subscription 2`] = `
Object {
  "allowed_tags": Array [],
  "blocked_sources": Array [],
  "blocked_tags": Array [],
  "date_from": Any<String>,
  "date_to": Any<String>,
  "total_posts": 5,
  "user_id": "1",
}
`;
