// Jest Snapshot v1, https://goo.gl/fbAQLP

exports[`should send mail to author 1`] = `
Array [
  Object {
    "asm": Object {
      "groupId": 15003,
    },
    "dynamicTemplateData": Object {
      "discussion_link": "http://localhost:5002/posts/p1",
      "full_name": "Tsahi",
      "main_comment": "parent comment",
      "main_comment_link": "http://localhost:5002/posts/p1",
      "new_comment": "sub comment",
      "post_title": "P1",
      "profile_image": "https://daily.dev/tsahi.jpg",
    },
    "from": Object {
      "email": "informer@daily.dev",
      "name": "daily.dev",
    },
    "replyTo": Object {
      "email": "hi@daily.dev",
      "name": "daily.dev",
    },
    "templateId": "d-90c229bde4af427c8708a7615bfd85b4",
    "to": "ido@daily.dev",
    "trackingSettings": Object {
      "openTracking": Object {
        "enable": true,
      },
    },
  },
]
`;
