// Jest Snapshot v1, https://goo.gl/fbAQLP

exports[`query bookmarks should return bookmarks ordered by time 1`] = `null`;

exports[`query latest should return anonymous feed filtered by sources 1`] = `null`;

exports[`query latest should return anonymous feed filtered by tags 1`] = `null`;

exports[`query latest should return anonymous feed with no filters ordered by popularity 1`] = `null`;

exports[`query latest should return anonymous feed with no filters ordered by time 1`] = `null`;

exports[`query postsByPublication should return a single source feed 1`] = `null`;

exports[`query postsByTag should return a single tag feed 1`] = `null`;
