// Jest Snapshot v1, https://goo.gl/fbAQLP

exports[`GET /p/snotra/all_content_curations should return all content curations 1`] = `
Array [
  Object {
    "name": "c1",
  },
  Object {
    "name": "c2",
  },
]
`;

exports[`GET /p/snotra/all_sources should return all sources 1`] = `
Array [
  Object {
    "name": "a",
  },
  Object {
    "name": "b",
  },
  Object {
    "name": "c",
  },
  Object {
    "name": "community",
  },
]
`;

exports[`GET /p/snotra/all_tags should return all tags 1`] = `
Array [
  Object {
    "name": "development",
  },
  Object {
    "name": "fullstack",
  },
  Object {
    "name": "golang",
  },
  Object {
    "name": "rust",
  },
  Object {
    "name": "webdev",
  },
]
`;
