// Jest Snapshot v1, https://goo.gl/fbAQLP

exports[`mutation submitArticle should create a submission entity if the url is valid 1`] = `
Object {
  "submitArticle": Object {
    "reason": null,
    "status": "NOT_STARTED",
    "url": "https://daily.dev/amazing/article",
    "userId": "1",
  },
}
`;
