// Jest Snapshot v1, https://goo.gl/fbAQLP

exports[`should update featured comments 1`] = `
Array [
  Comment {
    "featured": true,
    "id": "c1",
  },
  Comment {
    "featured": true,
    "id": "c2",
  },
  Comment {
    "featured": true,
    "id": "c3",
  },
  Comment {
    "featured": false,
    "id": "c4",
  },
  Comment {
    "featured": true,
    "id": "c5",
  },
  Comment {
    "featured": false,
    "id": "c6",
  },
]
`;

exports[`should update featured comments 2`] = `
Array [
  "c3",
  "c2",
]
`;
