// Jest Snapshot v1, https://goo.gl/fbAQLP

exports[`should update tags count of posts from the last 30 days 1`] = `
Array [
  TagCount {
    "count": 1,
    "tag": "backend",
  },
  TagCount {
    "count": 1,
    "tag": "data",
  },
  TagCount {
    "count": 1,
    "tag": "html",
  },
  TagCount {
    "count": 3,
    "tag": "javascript",
  },
  TagCount {
    "count": 1,
    "tag": "webdev",
  },
]
`;
